// Jest Snapshot v1, https://goo.gl/fbAQLP

exports[`<PostLink /> renders correctly 1`] = `
<div>
  <a
    class="flex flex-row py-4 justify-between hover:text-orange-500 transition ease-in-out delay-50 hover:scale-[1.025]"
    href="/blog/example-test-post"
  >
    <div>
      example-test-tile
    </div>
    <div
      class="text-zinc-500"
    >
      example-category
    </div>
  </a>
</div>
`;
