// Jest Snapshot v1, https://goo.gl/fbAQLP

exports[`<ProjectLink /> renders correctly 1`] = `
<div>
  <a
    class="flex gap-5 space-y-1.5 rounded-lg border border-black/10 dark:border-white/10 px-4 py-3 hover:border-black/20 dark:hover:border-white/20 dark:bg-zinc-800 bg-white transition ease-in-out delay-50 hover:scale-[1.025]"
    href="https://99-minutes-emails.vercel.app/"
    target="_blank"
  >
    <img
      alt="99 Emails"
      src="/logo.svg"
      style="width: 50px; height: 50px;"
    />
    <div>
      <div>
        99 Emails
      </div>
      <div
        class="line-clamp-3 text-sm text-zinc-400"
      >
        A user friendly, safe and available temporary email service.
      </div>
    </div>
  </a>
</div>
`;
